Gain[0]=19.9552
Gain[1]=23.1852
Gain[2]=26.1352
Calculate Tb...
ScanBTs:214.913,216.166,217.068,218.671,220.526,222.53,224.033,225.537,227.942,229.896,216.405,216.88,217.699,219.338,220.891,222.53,223.048,224.169,225.204,226.412,219.086,219.584,219.928,220.77,221.688,222.53,223.525,224.328,225.438,226.433,
