{"timestamp":"2014-07-31 12:55:30","alt":"1853.7","lat":"48.084446","head":"0.0","declination":"0","lon":"11.279166"}
