{"timestamp":"2009-11-12 05:08:45","alt":"344.2","lat":"-43.490429","head":"41.7","declination":"0","lon":"172.530533"}
