About to call Retrieve
Profile Temperatures:
[0]:279.394
[1]:269.113[2]:258.756[3]:248.386[4]:240.695[5]:235.321
[6]:230.918[7]:227.924[8]:225.568[9]:223.776[10]:221.896
[11]:220.133[12]:219.332[13]:219.023[14]:219.181[15]:219.336
[16]:218.899[17]:217.95[18]:216.867[19]:215.915[20]:215.007
[21]:214.04[22]:213.283[23]:212.573[24]:212.011[25]:211.548
[26]:211.179[27]:211.599[28]:213.295[29]:215.982[30]:218.923
[31]:223.55[32]:229.587

